============================= test session starts =============================
platform win32 -- Python 3.12.5, pytest-8.3.4, pluggy-1.6.0 -- C:\Users\bajpa\OneDrive\Desktop\mini_project\backend\.venv\Scripts\python.exe
cachedir: .pytest_cache
rootdir: C:\Users\bajpa\OneDrive\Desktop\mini_project\backend
plugins: anyio-4.12.1
collecting ... collected 6 items / 1 error

=================================== ERRORS ====================================
________________ ERROR collecting tests/test_topic_refactor.py ________________
ImportError while importing test module 'C:\Users\bajpa\OneDrive\Desktop\mini_project\backend\tests\test_topic_refactor.py'.
Hint: make sure your test modules/packages have valid Python names.
Traceback:
..\..\..\..\AppData\Local\Programs\Python\Python312\Lib\importlib\__init__.py:90: in import_module
    return _bootstrap._gcd_import(name[level:], package, level)
tests\test_topic_refactor.py:2: in <module>
    from app.topic_keywords import keyword_topic
E   ModuleNotFoundError: No module named 'app'
=========================== short test summary info ===========================
ERROR tests/test_topic_refactor.py
!!!!!!!!!!!!!!!!!!! Interrupted: 1 error during collection !!!!!!!!!!!!!!!!!!!!
============================== 1 error in 0.85s ===============================
